.next/types/validator.ts(42,39): error TS2307: Cannot find module '../../src/app/page.js' or its corresponding type declarations.
src/app/(shop)/product/[id]/page.tsx(24,19): error TS2304: Cannot find name 'AddToCartButton'.
src/app/(shop)/product/[id]/page.tsx(26,12): error TS2304: Cannot find name 'AddToCartButton'.
